// Vitest Snapshot v1, https://vitest.dev/guide/snapshot.html

exports[`base level help output > help 1`] = `
"
  [1mâ–² vercel[22m [options] <command | path>

  [2mFor deploy command help, run \`vercel deploy --help\`[22m

  [2mCommands:[22m

    [2mBasic[22m

      deploy               [path]      Performs a deployment [1m(default)[22m
      build                            Build the project locally into './vercel/output'
      dev                              Start a local development server
      env                              Manages the Environment Variables for your current Project
      git                              Manage Git provider repository for your current Project
      help                 [cmd]       Displays complete help for [cmd]
      init                 [example]   Initialize an example project
      inspect              [id]        Displays information related to a deployment
      i | install          [name]      Install an integration from the Marketplace
      integration          [cmd]       Manages your Marketplace integrations
      link                 [path]      Link local directory to a Vercel Project
      ls | list            [app]       Lists deployments
      login                [email]     Logs into your account or creates a new one
      logout                           Logs out of your account
      promote              [url|id]    Promote an existing deployment to current
      pull                 [path]      Pull your Project Settings from the cloud
      redeploy             [url|id]    Rebuild and deploy a previous deployment.
      rollback             [url|id]    Quickly revert back to a previous deployment
      switch               [scope]     Switches between different scopes

    [2mAdvanced[22m

      alias                [cmd]       Manages your domain aliases
      bisect                           Use binary search to find the deployment that introduced a bug
      certs                [cmd]       Manages your SSL certificates
      dns                  [name]      Manages your DNS records
      domains              [name]      Manages your domain names
      logs                 [url]       Displays the logs for a deployment
      projects                         Manages your Projects
      rm | remove          [id]        Removes a deployment
      teams                            Manages your teams
      whoami                           Shows the username of the currently logged in user

  [2mGlobal Options:[22m

    -h, --help                     Output usage information
    -v, --version                  Output the version number
    --cwd                          Current working directory
    -A [1m[4mFILE[24m[22m, --local-config=[1m[4mFILE[24m[22m   Path to the local \`vercel.json\` file
    -Q [1m[4mDIR[24m[22m, --global-config=[1m[4mDIR[24m[22m    Path to the global \`.vercel\` directory
    -d, --debug                    Debug mode [off]
    --no-color                     No color mode [off]
    -S, --scope                    Set a custom scope
    -t [4mTOKEN[24m, --token=[4mTOKEN[24m        Login token

  [2mExamples:[22m

  [90mâ€“[39m Deploy the current directory

    [36m$ vercel[39m

  [90mâ€“[39m Deploy a custom path

    [36m$ vercel /usr/src/project[39m

  [90mâ€“[39m Deploy with Environment Variables

    [36m$ vercel -e NODE_ENV=production[39m

  [90mâ€“[39m Show the usage information for the sub command [2m\`list\`[22m

    [36m$ vercel help list[39m
"
`;
